// Jest Snapshot v1, https://goo.gl/fbAQLP

exports[`useLayerGenerator() returns an object: Layer Snapshot 1`] = `
<Layer
  closeLabel="Close layer"
  content={
    <div>
      Layer content!
    </div>
  }
  onClose={[Function]}
  style={
    {
      "pointerEvents": "auto",
    }
  }
  title="Layer title!"
/>
`;
