// Jest Snapshot v1, https://goo.gl/fbAQLP

exports[`<ElasticHeight /> shows the content when open: open elasticheight 1`] = `
<div
  role="presentation"
>
  <div
    class="overflow-hidden"
    style="height: 0px;"
  >
    <div
      class=""
    >
      <p>
        Awesome content
      </p>
    </div>
  </div>
  <button>
    open
  </button>
</div>
`;
